[    0.000000] Linux version 4.15.0-58-generic (buildd@lcy01-amd64013 (gc version 7.4.0 (Ubuntu 7.4.0-1ubuntu1~18.04.1)) #64-Ubuntu SMP Tue Aug 6 11:12:41 UTC 2019 (Ubuntu 4.15.0-58.64-generic 4.15.18)
[    0.000000] Command line: BOOT_IMAGE=/boot/vmlinuz-4..0-58-generic root=UUID=fcc49ed4-d171-4f96-97d4-eaccf2a120 ro console=tty1 console=ttyS0
[    0.000000] KERNEL supported cpus:
[    0.000000]   Intel GenuineIntel
[   .0000]   A AuthenticAMD
[    0.00000]  Cenaur CentaurHauls
[    0.000000 x86/fpu: Supporting XSAVE feature 0x001: 'x87 floating point registers'
[    0.000000] x86/fpu: Supporting XSAVE feature 0x002: 'SE resters'
[    0.000000] x86/fpu: Supporting XSAVE feature 0x004: 'AVX registers'
[    0.000000] x86/fpu: xstate_offset[2]:  576, tate_sizes[2] 256
[    000000] x86/fpu: Enabled xstate features 0x7,ontext size is 832ytes, using 'standard' format.
[    0.000000] e820: BIOS-provided physialRAM map:
[    000000] BIOS-e820: [mem 0x0000000000000000-0x000000000009fbff] usable
[    0.000000] BIOS-e820: [mem 0x000000000900-0x000000000009ffff] reserved
[    0.000000] BIOS-e820: [mem 0x000000000f0000-0x00000000000fffff] reserved
[    000000] BIOS-e820: [mem 0x0000000000100000-0x000000003ffeffff] uble
[  0.000000] BIOS-e820: [mem 0x000000003fff0000-0x000000003fffffff] ACPI data
[    0.000000] BIOS-e820: [mem 0x00000000c00000-0x00000000fec00fff] reserved
[  0.000000] BIOS-e820: [mm x00000000fee00000-0x00000000fee00fff] reserved
[    0.000000 BIOS-e820: [mem 0x00000000fffc0000-0x00000000ffffffff] reseve
[    0.0000]X (Exece Disable) otection: active
[    0.000000] SMBIOS 2.5 present.
[    0.000000] DMI: innotek GmbH VirtualBox/VirtualBox, BIOS VirtualBox 12/01/2006
[    0.0000] Hypervisor dected KVM
[    0.000000] e82: as_pfn = 0xfff0 max_arch_fn = 0x400000000
[   .000000] MTRR: Disabled
[    0.000000] x86/PAT: MTRRs disabled, skipping PAT initialiaton too.
[    000000] CPMTRRs all blank - virtualized system.
[    0.000000] x86/PAT: Configuration [0-7]: WB  WT  UC-UC  WB  WT  UCUC  
[    0.000000] found SMP MP-table at [mem 0x0009fff0-0x0009ffff] mapped at [        (ptrval)]
[    0.000000] Scanning 1 areas for low memory corruption
[    0.000000] RAMDISK: [mem 0x359cf000-0x36cdefff]
[    0.000000] ACPI: Early table checksum verification disabled
[    0.000000] ACPI: RSDP 0x00000000000E0000 000024 (v02 VBOX  )
[    0.000000ACPI: XSDT 0x000000003FFF0030 00003C (v01 VBOX   VBOXXSDT 00000001 ASL  00000061)
[    0.000000] ACPI: FACP 0x000000003FFF00F0 0000F4 (v04 VBOX   VBOXFACP 00000001 ASL  00000061)
[    0.000000] ACPI: DSDT 0x000000003FFF0470 0021FF (v02 VBOX   VBOXBIOS 00000002 INTL 20100528)
[    0.000000] ACPI: FACS 0x000000003FFF0200 000040
[    0.000000] ACPI: FACS 0x000000003FFF0200 000040
[    0.000000] ACPI: APIC 0x000000003FFF0240 00005C (v02 VBOX   VBOXAPIC 000001 ASL 00000061)
[   0.000000 APISSDT 0x000000003FFF02A0 0001CC (v01 VBOX   VBOXCPUT 0000002 INTL 20100528)
[    0.000000] No NUMA configurion ound
[   0.000000] Faking a node at [mem 0x0000000000000000-0x000000003ffeffff]
[    0.000000] NODE_DATA(0) allocated [mem 0x3ffc5000-0x3ffeffff]
[    0.000000] kvm-clock: cpu 0, msr 0:3ff44001, primary cpu clock
[    000000] kvm-clock: Using msrs 4b564d01 and 4b564d00
[    0.000000] kvm-clock: using sched offset of 6097946407 cycles
[    0.000000] clocksource: kvm-clock: mask: 0xffffffffffffffff max_cycles: 0x1cd42e4dffb, max_iidle_ns: 88159059483 ns
[  0.000000] Zone ranges:
[    0.000000]   DMA      [mem 0x0000000000001000-0x0000000000ffffff]
[    0.000000]   DMA32    [mem 0x0000000001000000-00000000feffff]
[    0.000000]   Normal   empty
[    0.000000]   Device   empty
[    0.000000] Movable zone start for each node
[    0.000000] Early memory node ranges
[  0.000000]   node   0: [mem 0x0000000000001000-0x0000000000efff]
[  0.000000]  ode   0: [mem 0x0000000000100000-0x000000003ffeffff]
[    0.0000] Reserved but unavailable: 98 pages
[    0.000000] Initmem setup node 0 [mem 0x0000000000001000-000000003ffeffff]
[    000000] ACPI: PM-Timer IO Port: 0x4008
[    0.000000] IOAPIC[0]: apic_id 2, version 32, address 0xfec00000, GSI 0-23
[    0.000000] ACPI: INT_SRC_OVR (bu0 bus_irq 0lobal_rq 2 fl dfl)
[    0.00000 ACPI: INT_SRC_OVR (bus bus_irq 9 glba_irq 9 low level)
[    0.000000] Using ACPI (MADT) for SMP configuration information
[    0.000000] smpboot: Allowing 2 CPUs, 0 hotplug CPUs
[    0.000000] PM: Registered nose memory: [mem 0x00000000-0x00000fff]
[    0.000000] PM: Registered nove memo: [m 0x0009f000-0x0009ffff]
[    0.000000] PM: Register nosave memory: [mem 0x000a0000-0x00ffff]
[    0.000000] PM: Registerenosae mmory: [me0x000f0000-0000fffff]
[    0.000000] e820: [mem 0x40000000-febfffff] available for PCI devices
[    0.000000] Boong paravirtualized kernel on KVM
[    0.000000] clockurce: refied-jiffies: mask: 0xffffffff max_cycles: 0xffffffff, max_idle_ns: 7645519600211568 ns
[   .000000] random: get_random_bytes called from start_kernel+0x99/0x4fd with crng_init=0
[    0.000000] setup_pcpu: NR_CPUS:8192 nr_cpumask_bits:2 nr_cpu_ids:2 nr_node_ids:1
[    0.000000] erpu: Embedded 46 pages/cpu @       (trva) s151552 r8192 d28672 u1048576
[    0.000000] PV qspinlock hash table entries: 256 (order: 0, 4096 bytes)
[    0.000000] Built 1 zonelists, mbility grouping on.  Total pages: 257913
[    0.000000] Policy zone: DMA32
[   0.000000] Kernel command line: BOOT_IMAGE=/boot/vmlinu4.15.058generic root=UUID=fc49ed4-d171-4f96-97d4-accf2a1ab ro console=tty1 console=ttyS0
[    0.000000] Memory: 98306K/1048120 available (12300K kernel code, 2478K rwdata, 428K odata2424K init, 234K bss, 65044K reserved, 0K cma-reserved)
[    0.000000] SLUB: HWalign=64, Order=0-3, MinObjects=0, CPUs=2, Nodes=1
[    0.000000] Kernel/User pae tables isolation: enabled
[    0.000000] ftrace: allocating 39243 entries in 154 pages
[    0.004000] Hierarchical RCU implentation.
[    0.004000] 	RCU restricting CPUs from NRPUS=19 to nr_u_ids=2.
[    004000] 	Tasks RCU enabled.
[    0.004000] RCU: Adjusting gmetry f rcu_fanout_leaf=16, nr_cpu_ids=2
[    0.004000] NR_IRQS: 524544, nr_irqs: 440, preallocated irqs: 16
[    0.004000] Console: colr VGA+ 80x25
[    0.004000] console [tty1] enabled
[  0.004000] console [ttyS0] enled[    0.004000] ACPI: Core revisin 20170831
[    0.004000] ACPI: 2 ACPI AML tables successfully acquired and loaded
[    0.004000] APIC: Switch to symmetric I/O mode setup
[    0.004248] x2apic enabled
[    0.005246] Switched APIC routing to physical x2apic.
[    0.009318] ..TIMER: vector=0x30 apic1=0 pin1=2 apic2=-1 pin2=-1
[    0.012011] tsc: Detected 2304.000 MHz processor
[    0.016016] Calibrating delay loop (skipped) preset value.. 4608.00 BogoMIPS (lpj=9216000)
[    0.020014] pid_max: default: 32768 minimum: 301
[    0.024055] Security Framework initialized
[    0.028007] Yama: becoming mindful.
[    0.029148] AppArmor: AppArmor initialized
[    0.035627] Dentry cache hash table entries: 131072 (order: 8, 1048576 bytes)
[    0.036100] Inode-cache hash table entries: 65536 (order: 7, 524288 bytes)
[    0.040038] Mount-cache hash table entries: 2048 (order: 2, 16384 bytes)
[    0.044019] Mountpoint-cache hash table entries: 2048 (order: 2, 16384 bytes)
[    0.048231] mce: CPU supports 0 MCE banks
[    0.052028] Last level iTLB entries: 4KB 64, 2MB 8, 4MB 8
[    0.056017] Last level dTLB entries: 4KB 64, 2MB 0, 4MB 0, 1GB 4
[    0.060007] Spectre V1 : Mitigation: usercopy/swapgs barriers and __user pointer sanitization
[    0.064019] Spectre V2 : Mitigation: Full generic retpoline
[    0.068006] Spectre V2 : Spectre v2 / SpectreRSB mitigation: Filling RSB on context switch
[    0.072012] Speculative Store Bypass: Vulnerable
[    0.076058] MDS: Vulnerable: Clear CPU buffers attempted, no microcode
[    0.080088] Freeing SMP alternatives memory: 36K
[    0.084000] APIC calibration not consistent with PM-Timer: 97ms instead of 100ms
[    0.084000] APIC delta adjusted to PM-Timer: 6265582 (6103427)
[   0.08575] smpboot: CPU0: Intel(R) Core(TM) i5-7360U CPU @ 2.30GHz (family: 0x6, model: 0x8e, stepping: 0x9)
[    0.092098] Performance Events: unsupported p6 CPU model 142 no PMU driver, software events only.
[    0.094551] Hierarchical SRCU implementation.
[    0.096529] NMI watchdog: Perf event create on CPU 0 failed with -2
[    0.100002] NMI watchdog: Perf NMI watchdog permanently disabled
[    0.104045] smp: Bringing up secondary CPUs ...
[    0.105696] x86: Booting SMP configuration:
[    0.106880] .... node  #0, CPUs:      #1
[    0.004000] kvm-clock: cpu 1, msr 0:3ff44041, secondary cpu clock
[    0.004000] mce: CPU supports 0 MCE banks
[    0.130325] smp: Brought up 1 node, 2 CPUs
[    0.130325] smpboot: Max logical packages: 1
[    0.132005] smpboot: Total of 2 processors activated (9216.00 BogoMIPS)
[    0.136124] devtmpfs: initialized
[    0.140052] x86/mm: Memory block size: 128MB
[    0.148149] evm: security.selinux
[    0.152004] evm: security.SMACK64
[    0.152939] evm: security.SMACK64EXEC
[    0.156002] evm: security.SMACK64TRANSMUTE
[    0.160004] evm: security.SMACK64MMAP
[    0.164005] evm: security.apparmor
[    0.168003] evm: security.ima
[    0.172005] evm: security.capability
[    0.176142] clocksource: jiffies: mask: 0xffffffff max_cycles: 0xffffffff, max_idle_ns: 7645041785100000 ns
[    0.180021] futex hash table entries: 512 (order: 3, 32768 bytes)
[    0.184089] pinctrl core: initialized pinctrl subsystem
[    0.192203] RTC time:  0:51:44, date: 09/06/19
[    0.195327] NET: Registered protocol family 16
[    0.196076] audit: initializing netlink subsys (disabled)
[    0.200285] audit: type=2000 audit(1567731104.698:1): state=initialized audit_enabled=0 res=1
[    0.212012] cpuidle: using governor ladder
[    0.216015] cpuidle: using governor menu
[    0.217231] ACPI: bus type PCI registered
[    0.220004] acpiphp: ACPI Hot Plug PCI Controller Driver version: 0.5
[    0.222781] PCI: Using configuration type 1 for base access
[    0.228058] HugeTLB registered 2.00 MiB page size, pre-allocated 0 pages
[    0.232193] ACPI: Added _OSI(Module Device)
[    0.236014] ACPI: Added _OSI(Processor Device)
[    0.240014] ACPI: Added _OSI(3.0 _SCP Extensions)
[    0.241305] ACPI: Added _OSI(Processor Aggregator Device)
[    0.244027] ACPI: Added _OSI(Linux-Dell-Video)
[    0.248004] ACPI: Added _OSI(Linux-Lenovo-NV-HDMI-Audio)
[    0.249431] ACPI: Added _OSI(Linux-HPI-Hybrid-Graphics)
[    0.256207] ACPI: Executed 1 blocks of module-level executable AML code
[    0.266027] ACPI: Interpreter enabled
[    0.268027] ACPI: (supports S0 S5)
[    0.272007] ACPI: Using IOAPIC for interrupt routing
[    0.276231] PCI: Using host bridge windows from ACPI; if necessary, use "pci=nocrs" and report a bug
[    0.280299] ACPI: Enabled 2 GPEs in block 00 to 07
[    0.292823] ACPI: PCI Root Bridge [PCI0] (domain 0000 [bus 00-ff])
[    0.296018] acpi PNP0A03:00: _OSC: OS supports [ASPM ClockPM Segments MSI]
[    0.300038] acpi PNP0A03:00: _OSC: not requesting OS control; OS requires [ExtendedConfig ASPM ClockPM MSI]
[    0.304024] acpi PNP0A03:00: fail to add MMCONFIG information, can't access extended PCI configuration space under this bridge.
[    0.308454] PCI host bridge to bus 0000:00
[    0.312005] pci_bus 0000:00: root bus resource [io  0x0000-0x0cf7 window]
[    0.316010] pci_bus 0000:00: root bus resource [io  0x0d00-0xffff window]
[    0.320010] pci_bus 0000:00: root bus resource [mem 0x000a0000-0x000bffff window]
[    0.324010] pci_bus 0000:00: root bus resource [mem 0x40000000-0xfdffffff window]
[    0.328010] pci_bus 0000:00: root bus resource [bus 00-ff]
[    0.335076] pci 0000:00:01.1: legacy IDE quirk: reg 0x10: [io  0x01f0-0x01f7]
[    0.336011] pci 0000:00:01.1: legacy IDE quirk: reg 0x14: [io  0x03f6]
[    0.340014] pci 0000:00:01.1: legacy IDE quirk: reg 0x18: [io  0x0170-0x0177]
[    0.344014] pci 0000:00:01.1: legacy IDE quirk: reg 0x1c: [io  0x0376]
[    0.369498] pci 0000:00:07.0: quirk: [io  0x4000-0x403f] claimed by PIIX4 ACPI
[    0.372038] pci 0000:00:07.0: quirk: [io  0x4100-0x410f] claimed by PIIX4 SMB
[    0.385767] ACPI: PCI Interrupt Link [LNKA] (IRQs 5 9 10 *11)
[    0.388315] ACPI: PCI Interrupt Link [LNKB] (IRQs 5 9 *10 11)
[    0.392193] ACPI: PCI Interrupt Link [LNKC] (IRQs 5 *9 10 11)
[    0.396172] ACPI: PCI Interrupt Link [LNKD] (IRQs 5 9 10 *11)
[    0.400428] SCSI subsystem initialized
[    0.404055] pci 0000:00:02.0: vgaarb: setting as boot VGA device
[    0.408000] pci 0000:00:02.0: vgaarb: VGA device added: decodes=io+mem,owns=io+mem,locks=none
[    0.408007] pci 0000:00:02.0: vgaarb: bridge control possible
[    0.412004] vgaarb: loaded
[    0.416047] ACPI: bus type USB registered
[    0.420037] usbcore: registered new interface driver usbfs
[    0.424033] usbcore: registered new interface driver hub
[    0.425526] usbcore: registered new device driver usb
[    0.428080] EDAC MC: Ver: 3.0.0
[    0.432334] PCI: Using ACPI for IRQ routing
[    0.436400] NetLabel: Initializing
[    0.440003] NetLabel:  domain hash size = 128
[    0.444002] NetLabel:  protocols = UNLABELED CIPSOv4 CALIPSO
[    0.448026] NetLabel:  unlabeled traffic allowed by default
[    0.449557] clocksource: Switched to clocksource kvm-clock
[    0.498650] VFS: Disk quotas dquot_6.6.0
[  0016]FSDqt-chha tle entries: 512 (order 0, 4096 bytes)
[    0.930081]ppmo ApArmor Filysem Ebl
  1.55] p:nPCPin
[    1.11] p:nPCP fnd 3 devices
[    1.948461] clocksource: acpi_pm: mask: 0xffffff max_cycles: 0xffffff, max_idle_ns: 2085701024 ns
[    1.950364] NET: Registered protocol family 2
[    1.952930] TCP established hash table entries: 8192 (order: 4, 65536 bytes)
[    1.954924] TCP bind hash table entries: 8192 (order: 5, 131072 bytes)
[  1.9511TC Hsh tables configured (tablish 82 bind 8192)
[    216038] UDP hash table entries: 512 (order: 2, 16384 bytes)
[    2.361780]DP-Lite hash table entries: 512 (ord: 2, 16384 bytes)[  2.495837] NET: Registered protocol fami 1
[    608072] pi 0000:00:00.0: Limiting direct PCI/PCI transfers
[    2.675817] pci 0000:00:01.0: Activating ISA DMA hang workarounds
[    2.677709] pci 0000:00:02.0: Video device with shadowed ROM at [mem 0x000c0000-0x000dffff]
[    2.679589] Uncking initramfs...
[    3.028805] Freeing initrd memory: 19520K
[    3.029950] clocksource: tsc: mask: 0xffffffffffffffff max_cycles: 0x2135f7c97c8, max_idle_ns: 440795273205 ns
[    3.032056] platform rtc_cmos: registered platform RTC device (no PNP device found)
[    3.033785] Scanning for low memory corruption every 60 seconds
[    3.035968] Initialise system trusted keyrings
[    3.037418] Key type blacklist registered
[    3.038801] workingset: timestamp_bits=36 max_order=18 bucket_order=0
[    3.041461] zbud: loaded
[    3.042734] squashfs: version 4.0 (2009/01/31) Phillip Lougher
[    3.044581] fuse init (API version 7.26)
[    3.052526] Key type asymmetric registered
[    3.059464] Asymmetric key parser 'x509' registered
[    3.085329] Block layer SCSI generic (bsg) driver version 0.4 loaded (major 246)
[    3.118215] io scheduler noop registered
[    3.119040] io scheduler deadline registered
[    3.119951] io scheduler cfq registered (default)
[    3.128677] ACPI: AC Adapter [AC] (off-line)
[    3.140749] input: Power Button as /devices/LNXSYSTM:00/LNXPWRBN:00/input/input0
[    3.148781] ACPI: Power Button [PWRF]
[    3.150248] input: Sleep Button as /devices/LNXSYSTM:00/LNXSLPBN:00/input/input1
[    3.152657] ACPI: Sleep Button [SLPF]
[    3.156774] Serial: 8250/16550 driver, 32 ports, IRQ sharing enabled
[    3.158246] ACPI: Battery Slot [BAT0] (battery present)
[    3.203261] 00:02: ttyS0 at I/O 0x3f8 (irq = 4, base_baud = 115200) is a 16550A
[    3.217797] Linux agpgart interface v0.103
[    3.232077] loop: module loaded
[    3.245679] scsi host0: ata_piix
[    3.247756] scsi host1: ata_piix
[    3.249799] ata1: PATA max UDMA/33 cmd 0x1f0 ctl 0x3f6 bmdma 0xd000 irq 14
[    3.251272] ata2: PATA max UDMA/33 cmd 0x170 ctl 0x376 bmdma 0xd008 irq 15
[    3.253165] libphy: Fixed MDIO Bus: probed
[    3.254465] tun: Universal TUN/TAP device driver, 1.6
[    3.256147] PPP generic driver version 2.4.2
[    3.257212] ehci_hcd: USB 2.0 'Enhanced' Host Controller (EHCI) Driver
[    3.264581] ehci-pci: EHCI PCI platform driver
[    3.265844] ehci-platform: EHCI generic platform driver
[    3.267293] ohci_hcd: USB 1.1 'Open' Host Controller (OHCI) Driver
[    3.269016] ohci-pci: OHCI PCI platform driver
[    3.270275] ohci-platform: OHCI generic platform driver
[    3.271716] uhci_hcd: USB Universal Host Controller Interface driver
[    3.273171] i8042: PNP: PS/2 Controller [PNP0303:PS2K,PNP0f03:PS2M] at 0x60,0x64 irq 1,12
[    3.275597] serio: i8042 KBD port at 0x60,0x64 irq 1
[    3.276685] serio: i8042 AUX port at 0x60,0x64 irq 12
[    3.277896] mousedev: PS/2 mouse device common for all mice
[    3.279829] rtc_cmos rtc_cmos: rtc core: registered rtc_cmos as rtc0
[    3.283193] rtc_cmos rtc_cmos: alarms up to one day, 114 bytes nvram
[    3.284553] i2c /dev entries driver
[    3.285760] input: AT Translated Set 2 keyboard as /devices/platform/i8042/serio0/input/input2
[    3.288162] device-mapper: uevent: version 1.0.3
[    3.290744] device-mapper: ioctl: 4.37.0-ioctl (2017-09-20) initialised: dm-devel@redhat.com
[    3.293276] ledtrig-cpu: registered to indicate activity on CPUs
[    3.295925] NET: Registered protocol family 10
[    3.301148] Segment Routing with IPv6
[    3.302417] NET: Registered protocol family 17
[    3.303766] Key type dns_resolver registered
[    3.305382] RAS: Correctable Errors collector initialized.
[    3.307018] sched_clock: Marking stable (3305350343, 0)->(11017954890, -7712604547)
[    3.310181] registered taskstats version 1
[    3.321325] Loading compiled-in X.509 certificates
[    3.325223] Loaded X.509 cert 'Build time autogenerated kernel key: e343dd3e31c9820cf0adf0156bc2eecdcfc394af'
[    3.337328] zswap: loaded using pool lzo/zbud
[    3.344487] Key type big_key registered
[    3.353369] Key type trusted registered
[    3.361208] Key type encrypted registered
[    3.369187] AppArmor: AppArmor sha1 policy hashing enabled
[    3.371021] ima: No TPM chip found, activating TPM-bypass! (rc=-19)
[    3.373149] ima: Allocated hash algorithm: sha1
[    3.374684] evm: HMAC attrs: 0x1
[    3.382888]   Magic number: 3:803:859
[    3.387872] rtc_cmos rtc_cmos: setting system clock to 2019-09-06 00:51:48 UTC (1567731108)
[    3.403699] BIOS EDD facility v0.16 2004-Jun-25, 0 devices found
[    3.406983] EDD information not available.
[    3.422121] Freeing unused kernel image memory: 2424K
[    3.448611] Write protecting the kernel read-only data: 20480k
[    3.458676] Freeing unused kernel image memory: 2008K
[    3.468483] Freeing unused kernel image memory: 1864K
[    3.476482] x86/mm: Checked W+X mappings: passed, no W+X pages found.
[    3.488032] x86/mm: Checking user space page tables
[    3.557389] x86/mm: Checked W+X mappings: passed, no W+X pages found.
Loading, please wait...
starting version 237
[    3.858851] e1000: Intel(R) PRO/1000 Network Driver - version 7.3.21-k8-NAPI
[    3.860830] e1000: Copyright (c) 1999-2006 Intel Corporation.
[    3.863940] Fusion MPT base driver 3.04.20
[    3.866805] Copyright (c) 1999-2008 LSI Corporation
[    3.890671] AVX2 version of gcm_enc/dec engaged.
[    3.891762] AES CTR mode by8 optimization enabled
[    3.896731] Fusion MPT SPI Host driver 3.04.20
[    4.110941] input: ImExPS/2 Generic Explorer Mouse as /devices/platform/i8042/serio1/input/input4
[    4.306371] e1000 0000:00:03.0 eth0: (PCI:33MHz:32-bit) 02:5c:19:d6:ac:b9
[    4.314225] e1000 0000:00:03.0 eth0: Intel(R) PRO/1000 Network Connection
[    4.317523] mptbase: ioc0: Initiating bringup
[    4.804923] ioc0: LSI53C1030 A0: Capabilities={Initiator}
[    6.065593] scsi host2: ioc0: LSI53C1030 A0, FwRev=00000000h, Ports=1, MaxQ=256, IRQ=20
[    6.973056] scsi 2:0:0:0: Direct-Access     VBOX     HARDDISK         1.0  PQ: 0 ANSI: 5
[    7.012985] scsi target2:0:0: Beginning Domain Validation
[    7.019975] scsi target2:0:0: Domain Validation skipping write tests
[    7.021968] scsi target2:0:0: Ending Domain Validation
[    7.023685] scsi target2:0:0: asynchronous
[    7.025497] scsi 2:0:1:0: Direct-Access     VBOX     HARDDISK         1.0  PQ: 0 ANSI: 5
[    7.360411] scsi target2:0:1: Beginning Domain Validation
[    7.378532] random: fast init done
[    7.380040] scsi target2:0:1: Domain Validation skipping write tests
[    7.381465] scsi target2:0:1: Ending Domain Validation
[    7.382752] scsi target2:0:1: asynchronous
[    7.389235] sd 2:0:0:0: Attached scsi generic sg0 type 0
[    7.389948] random: systemd-udevd: uninitialized urandom read (16 bytes read)
[    7.390480] sd 2:0:1:0: Attached scsi generic sg1 type 0
[    7.392358] random: systemd-udevd: uninitialized urandom read (16 bytes read)
[    7.396022] random: systemd-udevd: uninitialized urandom read (16 bytes read)
[    7.488734] sd 2:0:0:0: [sda] 20971520 512-byte logical blocks: (10.7 GB/10.0 GiB)
[    7.492548] sd 2:0:1:0: [sdb] 20480 512-byte logical blocks: (10.5 MB/10.0 MiB)
[    7.499838] e1000 0000:00:08.0 eth1: (PCI:33MHz:32-bit) 08:00:27:fa:40:7a
[    7.502936] sd 2:0:1:0: [sdb] Write Protect is off
[    7.505725] e1000 0000:00:08.0 eth1: Intel(R) PRO/1000 Network Connection
[    7.505957] sd 2:0:0:0: [sda] Write Protect is off
[    7.510668] sd 2:0:0:0: [sda] Incomplete mode parameter data
[    7.511254] e1000 0000:00:03.0 enp0s3: renamed from eth0
[    7.512251] sd 2:0:0:0: [sda] Assuming drive cache: write through
[    7.513421] sd 2:0:1:0: [sdb] Incomplete mode parameter data
[    7.516231] sd 2:0:1:0: [sdb] Assuming drive cache: write through
[    7.518601]  sda: sda1
[    7.526410] sd 2:0:1:0: [sdb] Attached SCSI disk
[    7.527889] sd 2:0:0:0: [sda] Attached SCSI disk
[    7.530070] e1000 0000:00:08.0 enp0s8: renamed from eth1
Begin: Loading essential drivers ... [    8.952651] raid6: sse2x1   gen() 11904 MB/s
[    9.016441] raid6: sse2x1   xor()  9044 MB/s
[    9.116045] raid6: sse2x2   gen() 14939 MB/s
[    9.220574] raid6: sse2x2   xor() 10059 MB/s
[    9.284260] raid6: sse2x4   gen() 16752 MB/s
[    9.364559] raid6: sse2x4   xor()  7927 MB/s
[    9.412015] raid6: avx2x1   gen() 23619 MB/s
[    9.464085] raid6: avx2x1   xor() 16553 MB/s
[    9.516610] raid6: avx2x2   gen() 29155 MB/s
[    9.580061] raid6: avx2x2   xor() 18036 MB/s
[    9.652154] raid6: avx2x4   gen() 32565 MB/s
[    9.716298] raid6: avx2x4   xor() 18852 MB/s
[    9.721271] raid6: using algorithm avx2x4 gen() 32565 MB/s
[    9.722766] raid6: .... xor() 18852 MB/s, rmw enabled
[    9.724374] raid6: using avx2x2 recovery algorithm
[    9.732372] xor: automatically using best checksumming function   avx       
[    9.760404] async_tx: api initialized (async)
done.
Begin: Running /scripts/init-premount ... done.
Begin: Mounting root file system ... Begin: Running /scripts/local-top ... done.
Begin: Running /scripts/local-premount ... [    9.853267] Btrfs loaded, crc32c=crc32c-intel
Scanning for Btrfs filesystems
done.
Warning: fsck not present, so skipping root file system
[    9.927148] EXT4-fs (sda1): INFO: recovery required on readonly filesystem
[    9.947082] EXT4-fs (sda1): write access will be enabled during recovery
[   10.650754] EXT4-fs (sda1): recovery complete
[   10.690121] EXT4-fs (sda1): mounted filesystem with ordered data mode. Opts: (null)
done.
Begin: Running /scripts/local-bottom ... done.
Begin: Running /scripts/init-bottom ... done.
[   11.325586] ip_tables: (C) 2000-2006 Netfilter Core Team
[   11.673547] systemd[1]: systemd 237 running in system mode. (+PAM +AUDIT +SELINUX +IMA +APPARMOR +SMACK +SYSVINIT +UTMP +LIBCRYPTSETUP +GCRYPT +GNUTLS +ACL +XZ +LZ4 +SECCOMP +BLKID +ELFUTILS +KMOD -IDN2 +IDN -PCRE2 default-hierarchy=hybrid)
[   11.945477] systemd[1]: Detected virtualization oracle.
[   12.064647] systemd[1]: Detected architecture x86-64.

Welcome to [1mUbuntu 18.04.2 LTS[0m!

[   12.081831] systemd[1]: Set hostname to <ubuntu-bionic>.
[   12.090630] random: crng init done
[   12.091643] random: 7 urandom warning(s) missed due to ratelimiting
[   12.635942] systemd[1]